Macro-only stress index built from: Sahm-style unemployment rise, negative IP YoY, sentiment z-score, negative EA GDP.
NO credit-spread information used.

threshold p75 = 0.065 | n_stress=63 n_calm=187

Stress months by year:
Month_End
2001     2
2002    10
2003     9
2005     2
2007     1
2008    12
2009    12
2010     2
2019     1
2020    10
2021     2

Overlap with NBER recessions: 22/23 recession months flagged (96% recall)

=== Spread-change correlation by MACRO-ONLY regime (n_calm=187, n_stress=63) ===
                        full   CALM        calm_CI  STRESS      stress_CI    gap
variable                                                                        
CPI                   -0.293 -0.041   [-0.20,0.11]  -0.490  [-0.68,-0.14] -0.449
FEDFUNDS              -0.356  0.062   [-0.16,0.27]  -0.576  [-0.77,-0.22] -0.638
Industrial_Production -0.128  0.107   [-0.03,0.23]  -0.175   [-0.50,0.05] -0.282
EA19_GDP_OECD         -0.265 -0.028   [-0.12,0.02]  -0.425  [-0.68,-0.10] -0.397
Unemployment_Rate      0.093 -0.045   [-0.18,0.08]   0.109    [0.02,0.40]  0.154
Consumer_Sentiment    -0.292 -0.216  [-0.35,-0.08]  -0.400  [-0.61,-0.11] -0.184

 mean |corr| CALM=0.083  STRESS=0.362  ratio=4.4x

 Joint R2 (spread change ~ 6 macro changes):
   full   = 0.2578
   CALM   = 0.0743  (n=187)
   STRESS = 0.4987  (n=63)

=== Spread LEVEL behaviour by macro-only regime ===
        count  mean  median   std    p95    max
stress                                         
False     187  4.53    4.10  1.32   6.99   9.65
True       63  8.29    7.56  3.69  16.77  20.29
